MPLINK 5.08, LINKER
Linker Map File - Created Tue Oct 27 02:00:11 2020

                                 Section Info
                  Section       Type    Address   Location Size(Bytes)
                ---------  ---------  ---------  ---------  ---------
                 RES_VECT       code   0x000000    program   0x000002
                   .cinit    romdata   0x000001    program   0x000004
                 ISR_VECT       code   0x000004    program   0x0000d6
                MAIN_PROG       code   0x00006f    program   0x00021c
.config_2007_BUILD/DEFAULT/PRODUCTION/PRUEBAP       code   0x002007    program   0x000002
.config_2008_BUILD/DEFAULT/PRODUCTION/PRUEBAP       code   0x002008    program   0x000002
                  GPR_VAR      udata   0x000020       data   0x000020



                              Program Memory Usage 
                               Start         End      
                           ---------   ---------      
                            0x000000    0x000002      
                            0x000004    0x00017c      
                            0x002007    0x002008      
            382 out of 8455 program addresses used, program memory utilization is 4%



                              Symbols - Sorted by Name
                     Name    Address   Location    Storage File                     
                ---------  ---------  ---------  --------- ---------                
             CAMBIO_CANAL   0x00004c    program     static C:\Users\noelp\Documents\GitHub\Proyecto 2\Assembly\PRUEBAS.X\PRUEBAPROYECTO2.asm
         CONFIG_INTERRUPT   0x000173    program     static C:\Users\noelp\Documents\GitHub\Proyecto 2\Assembly\PRUEBAS.X\PRUEBAPROYECTO2.asm
                CONFIG_IO   0x00013b    program     static C:\Users\noelp\Documents\GitHub\Proyecto 2\Assembly\PRUEBAS.X\PRUEBAPROYECTO2.asm
                    DELAY   0x000136    program     static C:\Users\noelp\Documents\GitHub\Proyecto 2\Assembly\PRUEBAS.X\PRUEBAPROYECTO2.asm
                  DISPLAY   0x0000fd    program     static C:\Users\noelp\Documents\GitHub\Proyecto 2\Assembly\PRUEBAS.X\PRUEBAPROYECTO2.asm
                DISPLAY_0   0x000116    program     static C:\Users\noelp\Documents\GitHub\Proyecto 2\Assembly\PRUEBAS.X\PRUEBAPROYECTO2.asm
                DISPLAY_1   0x00011b    program     static C:\Users\noelp\Documents\GitHub\Proyecto 2\Assembly\PRUEBAS.X\PRUEBAPROYECTO2.asm
                DISPLAY_2   0x000120    program     static C:\Users\noelp\Documents\GitHub\Proyecto 2\Assembly\PRUEBAS.X\PRUEBAPROYECTO2.asm
                DISPLAY_3   0x000125    program     static C:\Users\noelp\Documents\GitHub\Proyecto 2\Assembly\PRUEBAS.X\PRUEBAPROYECTO2.asm
                DISPLAY_4   0x00012a    program     static C:\Users\noelp\Documents\GitHub\Proyecto 2\Assembly\PRUEBAS.X\PRUEBAPROYECTO2.asm
                DISPLAY_5   0x00012f    program     static C:\Users\noelp\Documents\GitHub\Proyecto 2\Assembly\PRUEBAS.X\PRUEBAPROYECTO2.asm
              FIN_DISPLAY   0x000134    program     static C:\Users\noelp\Documents\GitHub\Proyecto 2\Assembly\PRUEBAS.X\PRUEBAPROYECTO2.asm
                    HIGHX   0x00002e    program     static C:\Users\noelp\Documents\GitHub\Proyecto 2\Assembly\PRUEBAS.X\PRUEBAPROYECTO2.asm
                    HIGHY   0x000037    program     static C:\Users\noelp\Documents\GitHub\Proyecto 2\Assembly\PRUEBAS.X\PRUEBAPROYECTO2.asm
                      ISR   0x000007    program     static C:\Users\noelp\Documents\GitHub\Proyecto 2\Assembly\PRUEBAS.X\PRUEBAPROYECTO2.asm
                  LECTURA   0x000078    program     static C:\Users\noelp\Documents\GitHub\Proyecto 2\Assembly\PRUEBAS.X\PRUEBAPROYECTO2.asm
                     LOOP   0x000071    program     static C:\Users\noelp\Documents\GitHub\Proyecto 2\Assembly\PRUEBAS.X\PRUEBAPROYECTO2.asm
                     LOWX   0x000034    program     static C:\Users\noelp\Documents\GitHub\Proyecto 2\Assembly\PRUEBAS.X\PRUEBAPROYECTO2.asm
                     LOWY   0x00003d    program     static C:\Users\noelp\Documents\GitHub\Proyecto 2\Assembly\PRUEBAS.X\PRUEBAPROYECTO2.asm
                  MEDIUMX   0x000031    program     static C:\Users\noelp\Documents\GitHub\Proyecto 2\Assembly\PRUEBAS.X\PRUEBAPROYECTO2.asm
                  MEDIUMY   0x00003a    program     static C:\Users\noelp\Documents\GitHub\Proyecto 2\Assembly\PRUEBAS.X\PRUEBAPROYECTO2.asm
                      POP   0x000054    program     static C:\Users\noelp\Documents\GitHub\Proyecto 2\Assembly\PRUEBAS.X\PRUEBAPROYECTO2.asm
                     PUSH   0x000004    program     static C:\Users\noelp\Documents\GitHub\Proyecto 2\Assembly\PRUEBAS.X\PRUEBAPROYECTO2.asm
           SEPARAR_NIBBLE   0x0000ea    program     static C:\Users\noelp\Documents\GitHub\Proyecto 2\Assembly\PRUEBAS.X\PRUEBAPROYECTO2.asm
                    START   0x00006f    program     static C:\Users\noelp\Documents\GitHub\Proyecto 2\Assembly\PRUEBAS.X\PRUEBAPROYECTO2.asm
                    TABLE   0x00005c    program     static C:\Users\noelp\Documents\GitHub\Proyecto 2\Assembly\PRUEBAS.X\PRUEBAPROYECTO2.asm
                TOGGLE_B0   0x0000f7    program     static C:\Users\noelp\Documents\GitHub\Proyecto 2\Assembly\PRUEBAS.X\PRUEBAPROYECTO2.asm
              TRANSMISION   0x000040    program     static C:\Users\noelp\Documents\GitHub\Proyecto 2\Assembly\PRUEBAS.X\PRUEBAPROYECTO2.asm
                XCENTENAS   0x000080    program     static C:\Users\noelp\Documents\GitHub\Proyecto 2\Assembly\PRUEBAS.X\PRUEBAPROYECTO2.asm
                 XDECENAS   0x000088    program     static C:\Users\noelp\Documents\GitHub\Proyecto 2\Assembly\PRUEBAS.X\PRUEBAPROYECTO2.asm
                XUNIDADES   0x000090    program     static C:\Users\noelp\Documents\GitHub\Proyecto 2\Assembly\PRUEBAS.X\PRUEBAPROYECTO2.asm
                YCENTENAS   0x000098    program     static C:\Users\noelp\Documents\GitHub\Proyecto 2\Assembly\PRUEBAS.X\PRUEBAPROYECTO2.asm
                 YDECENAS   0x0000a0    program     static C:\Users\noelp\Documents\GitHub\Proyecto 2\Assembly\PRUEBAS.X\PRUEBAPROYECTO2.asm
                YUNIDADES   0x0000a8    program     static C:\Users\noelp\Documents\GitHub\Proyecto 2\Assembly\PRUEBAS.X\PRUEBAPROYECTO2.asm
          _MAIN_PROG_0052   0x0000c1    program     static C:\Users\noelp\Documents\GitHub\Proyecto 2\Assembly\PRUEBAS.X\PRUEBAPROYECTO2.asm
          _MAIN_PROG_0057   0x0000c6    program     static C:\Users\noelp\Documents\GitHub\Proyecto 2\Assembly\PRUEBAS.X\PRUEBAPROYECTO2.asm
          _MAIN_PROG_005C   0x0000cb    program     static C:\Users\noelp\Documents\GitHub\Proyecto 2\Assembly\PRUEBAS.X\PRUEBAPROYECTO2.asm
          _MAIN_PROG_0061   0x0000d0    program     static C:\Users\noelp\Documents\GitHub\Proyecto 2\Assembly\PRUEBAS.X\PRUEBAPROYECTO2.asm
          _MAIN_PROG_0068   0x0000d7    program     static C:\Users\noelp\Documents\GitHub\Proyecto 2\Assembly\PRUEBAS.X\PRUEBAPROYECTO2.asm
          _MAIN_PROG_006D   0x0000dc    program     static C:\Users\noelp\Documents\GitHub\Proyecto 2\Assembly\PRUEBAS.X\PRUEBAPROYECTO2.asm
          _MAIN_PROG_0072   0x0000e1    program     static C:\Users\noelp\Documents\GitHub\Proyecto 2\Assembly\PRUEBAS.X\PRUEBAPROYECTO2.asm
          _MAIN_PROG_0077   0x0000e6    program     static C:\Users\noelp\Documents\GitHub\Proyecto 2\Assembly\PRUEBAS.X\PRUEBAPROYECTO2.asm
          _MAIN_PROG_007A   0x0000e9    program     static C:\Users\noelp\Documents\GitHub\Proyecto 2\Assembly\PRUEBAS.X\PRUEBAPROYECTO2.asm
          _MAIN_PROG_00CA   0x000139    program     static C:\Users\noelp\Documents\GitHub\Proyecto 2\Assembly\PRUEBAS.X\PRUEBAPROYECTO2.asm
                 BANDERAS   0x000023       data     static C:\Users\noelp\Documents\GitHub\Proyecto 2\Assembly\PRUEBAS.X\PRUEBAPROYECTO2.asm
                    CANAL   0x00002d       data     static C:\Users\noelp\Documents\GitHub\Proyecto 2\Assembly\PRUEBAS.X\PRUEBAPROYECTO2.asm
                 CONTADOR   0x000034       data     static C:\Users\noelp\Documents\GitHub\Proyecto 2\Assembly\PRUEBAS.X\PRUEBAPROYECTO2.asm
                CONTADOR2   0x000036       data     static C:\Users\noelp\Documents\GitHub\Proyecto 2\Assembly\PRUEBAS.X\PRUEBAPROYECTO2.asm
                      DEL   0x000020       data     static C:\Users\noelp\Documents\GitHub\Proyecto 2\Assembly\PRUEBAS.X\PRUEBAPROYECTO2.asm
                  ENTRADA   0x000035       data     static C:\Users\noelp\Documents\GitHub\Proyecto 2\Assembly\PRUEBAS.X\PRUEBAPROYECTO2.asm
                 NIBBLE_H   0x000021       data     static C:\Users\noelp\Documents\GitHub\Proyecto 2\Assembly\PRUEBAS.X\PRUEBAPROYECTO2.asm
                NIBBLE_H2   0x000027       data     static C:\Users\noelp\Documents\GitHub\Proyecto 2\Assembly\PRUEBAS.X\PRUEBAPROYECTO2.asm
                NIBBLE_H3   0x000029       data     static C:\Users\noelp\Documents\GitHub\Proyecto 2\Assembly\PRUEBAS.X\PRUEBAPROYECTO2.asm
                 NIBBLE_L   0x000022       data     static C:\Users\noelp\Documents\GitHub\Proyecto 2\Assembly\PRUEBAS.X\PRUEBAPROYECTO2.asm
                NIBBLE_L2   0x000026       data     static C:\Users\noelp\Documents\GitHub\Proyecto 2\Assembly\PRUEBAS.X\PRUEBAPROYECTO2.asm
                NIBBLE_L3   0x000028       data     static C:\Users\noelp\Documents\GitHub\Proyecto 2\Assembly\PRUEBAS.X\PRUEBAPROYECTO2.asm
                PIXEL_CEN   0x000037       data     static C:\Users\noelp\Documents\GitHub\Proyecto 2\Assembly\PRUEBAS.X\PRUEBAPROYECTO2.asm
                PIXEL_DEC   0x000038       data     static C:\Users\noelp\Documents\GitHub\Proyecto 2\Assembly\PRUEBAS.X\PRUEBAPROYECTO2.asm
                PIXEL_UNI   0x000039       data     static C:\Users\noelp\Documents\GitHub\Proyecto 2\Assembly\PRUEBAS.X\PRUEBAPROYECTO2.asm
                      PXH   0x00003a       data     static C:\Users\noelp\Documents\GitHub\Proyecto 2\Assembly\PRUEBAS.X\PRUEBAPROYECTO2.asm
                      PXL   0x00003c       data     static C:\Users\noelp\Documents\GitHub\Proyecto 2\Assembly\PRUEBAS.X\PRUEBAPROYECTO2.asm
                      PXM   0x00003b       data     static C:\Users\noelp\Documents\GitHub\Proyecto 2\Assembly\PRUEBAS.X\PRUEBAPROYECTO2.asm
                      PYH   0x00003d       data     static C:\Users\noelp\Documents\GitHub\Proyecto 2\Assembly\PRUEBAS.X\PRUEBAPROYECTO2.asm
                      PYL   0x00003f       data     static C:\Users\noelp\Documents\GitHub\Proyecto 2\Assembly\PRUEBAS.X\PRUEBAPROYECTO2.asm
                      PYM   0x00003e       data     static C:\Users\noelp\Documents\GitHub\Proyecto 2\Assembly\PRUEBAS.X\PRUEBAPROYECTO2.asm
              STATUS_TEMP   0x000024       data     static C:\Users\noelp\Documents\GitHub\Proyecto 2\Assembly\PRUEBAS.X\PRUEBAPROYECTO2.asm
             VAR_GENERAL1   0x00002a       data     static C:\Users\noelp\Documents\GitHub\Proyecto 2\Assembly\PRUEBAS.X\PRUEBAPROYECTO2.asm
             VAR_GENERAL2   0x00002b       data     static C:\Users\noelp\Documents\GitHub\Proyecto 2\Assembly\PRUEBAS.X\PRUEBAPROYECTO2.asm
             VAR_GENERAL3   0x00002c       data     static C:\Users\noelp\Documents\GitHub\Proyecto 2\Assembly\PRUEBAS.X\PRUEBAPROYECTO2.asm
                   W_TEMP   0x000025       data     static C:\Users\noelp\Documents\GitHub\Proyecto 2\Assembly\PRUEBAS.X\PRUEBAPROYECTO2.asm
                    X_CEN   0x00002e       data     static C:\Users\noelp\Documents\GitHub\Proyecto 2\Assembly\PRUEBAS.X\PRUEBAPROYECTO2.asm
                    X_DEC   0x00002f       data     static C:\Users\noelp\Documents\GitHub\Proyecto 2\Assembly\PRUEBAS.X\PRUEBAPROYECTO2.asm
                    X_UNI   0x000030       data     static C:\Users\noelp\Documents\GitHub\Proyecto 2\Assembly\PRUEBAS.X\PRUEBAPROYECTO2.asm
                    Y_CEN   0x000031       data     static C:\Users\noelp\Documents\GitHub\Proyecto 2\Assembly\PRUEBAS.X\PRUEBAPROYECTO2.asm
                    Y_DEC   0x000032       data     static C:\Users\noelp\Documents\GitHub\Proyecto 2\Assembly\PRUEBAS.X\PRUEBAPROYECTO2.asm
                    Y_UNI   0x000033       data     static C:\Users\noelp\Documents\GitHub\Proyecto 2\Assembly\PRUEBAS.X\PRUEBAPROYECTO2.asm



                              Symbols - Sorted by Address
                     Name    Address   Location    Storage File                     
                ---------  ---------  ---------  --------- ---------                
                     PUSH   0x000004    program     static C:\Users\noelp\Documents\GitHub\Proyecto 2\Assembly\PRUEBAS.X\PRUEBAPROYECTO2.asm
                      ISR   0x000007    program     static C:\Users\noelp\Documents\GitHub\Proyecto 2\Assembly\PRUEBAS.X\PRUEBAPROYECTO2.asm
                    HIGHX   0x00002e    program     static C:\Users\noelp\Documents\GitHub\Proyecto 2\Assembly\PRUEBAS.X\PRUEBAPROYECTO2.asm
                  MEDIUMX   0x000031    program     static C:\Users\noelp\Documents\GitHub\Proyecto 2\Assembly\PRUEBAS.X\PRUEBAPROYECTO2.asm
                     LOWX   0x000034    program     static C:\Users\noelp\Documents\GitHub\Proyecto 2\Assembly\PRUEBAS.X\PRUEBAPROYECTO2.asm
                    HIGHY   0x000037    program     static C:\Users\noelp\Documents\GitHub\Proyecto 2\Assembly\PRUEBAS.X\PRUEBAPROYECTO2.asm
                  MEDIUMY   0x00003a    program     static C:\Users\noelp\Documents\GitHub\Proyecto 2\Assembly\PRUEBAS.X\PRUEBAPROYECTO2.asm
                     LOWY   0x00003d    program     static C:\Users\noelp\Documents\GitHub\Proyecto 2\Assembly\PRUEBAS.X\PRUEBAPROYECTO2.asm
              TRANSMISION   0x000040    program     static C:\Users\noelp\Documents\GitHub\Proyecto 2\Assembly\PRUEBAS.X\PRUEBAPROYECTO2.asm
             CAMBIO_CANAL   0x00004c    program     static C:\Users\noelp\Documents\GitHub\Proyecto 2\Assembly\PRUEBAS.X\PRUEBAPROYECTO2.asm
                      POP   0x000054    program     static C:\Users\noelp\Documents\GitHub\Proyecto 2\Assembly\PRUEBAS.X\PRUEBAPROYECTO2.asm
                    TABLE   0x00005c    program     static C:\Users\noelp\Documents\GitHub\Proyecto 2\Assembly\PRUEBAS.X\PRUEBAPROYECTO2.asm
                    START   0x00006f    program     static C:\Users\noelp\Documents\GitHub\Proyecto 2\Assembly\PRUEBAS.X\PRUEBAPROYECTO2.asm
                     LOOP   0x000071    program     static C:\Users\noelp\Documents\GitHub\Proyecto 2\Assembly\PRUEBAS.X\PRUEBAPROYECTO2.asm
                  LECTURA   0x000078    program     static C:\Users\noelp\Documents\GitHub\Proyecto 2\Assembly\PRUEBAS.X\PRUEBAPROYECTO2.asm
                XCENTENAS   0x000080    program     static C:\Users\noelp\Documents\GitHub\Proyecto 2\Assembly\PRUEBAS.X\PRUEBAPROYECTO2.asm
                 XDECENAS   0x000088    program     static C:\Users\noelp\Documents\GitHub\Proyecto 2\Assembly\PRUEBAS.X\PRUEBAPROYECTO2.asm
                XUNIDADES   0x000090    program     static C:\Users\noelp\Documents\GitHub\Proyecto 2\Assembly\PRUEBAS.X\PRUEBAPROYECTO2.asm
                YCENTENAS   0x000098    program     static C:\Users\noelp\Documents\GitHub\Proyecto 2\Assembly\PRUEBAS.X\PRUEBAPROYECTO2.asm
                 YDECENAS   0x0000a0    program     static C:\Users\noelp\Documents\GitHub\Proyecto 2\Assembly\PRUEBAS.X\PRUEBAPROYECTO2.asm
                YUNIDADES   0x0000a8    program     static C:\Users\noelp\Documents\GitHub\Proyecto 2\Assembly\PRUEBAS.X\PRUEBAPROYECTO2.asm
          _MAIN_PROG_0052   0x0000c1    program     static C:\Users\noelp\Documents\GitHub\Proyecto 2\Assembly\PRUEBAS.X\PRUEBAPROYECTO2.asm
          _MAIN_PROG_0057   0x0000c6    program     static C:\Users\noelp\Documents\GitHub\Proyecto 2\Assembly\PRUEBAS.X\PRUEBAPROYECTO2.asm
          _MAIN_PROG_005C   0x0000cb    program     static C:\Users\noelp\Documents\GitHub\Proyecto 2\Assembly\PRUEBAS.X\PRUEBAPROYECTO2.asm
          _MAIN_PROG_0061   0x0000d0    program     static C:\Users\noelp\Documents\GitHub\Proyecto 2\Assembly\PRUEBAS.X\PRUEBAPROYECTO2.asm
          _MAIN_PROG_0068   0x0000d7    program     static C:\Users\noelp\Documents\GitHub\Proyecto 2\Assembly\PRUEBAS.X\PRUEBAPROYECTO2.asm
          _MAIN_PROG_006D   0x0000dc    program     static C:\Users\noelp\Documents\GitHub\Proyecto 2\Assembly\PRUEBAS.X\PRUEBAPROYECTO2.asm
          _MAIN_PROG_0072   0x0000e1    program     static C:\Users\noelp\Documents\GitHub\Proyecto 2\Assembly\PRUEBAS.X\PRUEBAPROYECTO2.asm
          _MAIN_PROG_0077   0x0000e6    program     static C:\Users\noelp\Documents\GitHub\Proyecto 2\Assembly\PRUEBAS.X\PRUEBAPROYECTO2.asm
          _MAIN_PROG_007A   0x0000e9    program     static C:\Users\noelp\Documents\GitHub\Proyecto 2\Assembly\PRUEBAS.X\PRUEBAPROYECTO2.asm
           SEPARAR_NIBBLE   0x0000ea    program     static C:\Users\noelp\Documents\GitHub\Proyecto 2\Assembly\PRUEBAS.X\PRUEBAPROYECTO2.asm
                TOGGLE_B0   0x0000f7    program     static C:\Users\noelp\Documents\GitHub\Proyecto 2\Assembly\PRUEBAS.X\PRUEBAPROYECTO2.asm
                  DISPLAY   0x0000fd    program     static C:\Users\noelp\Documents\GitHub\Proyecto 2\Assembly\PRUEBAS.X\PRUEBAPROYECTO2.asm
                DISPLAY_0   0x000116    program     static C:\Users\noelp\Documents\GitHub\Proyecto 2\Assembly\PRUEBAS.X\PRUEBAPROYECTO2.asm
                DISPLAY_1   0x00011b    program     static C:\Users\noelp\Documents\GitHub\Proyecto 2\Assembly\PRUEBAS.X\PRUEBAPROYECTO2.asm
                DISPLAY_2   0x000120    program     static C:\Users\noelp\Documents\GitHub\Proyecto 2\Assembly\PRUEBAS.X\PRUEBAPROYECTO2.asm
                DISPLAY_3   0x000125    program     static C:\Users\noelp\Documents\GitHub\Proyecto 2\Assembly\PRUEBAS.X\PRUEBAPROYECTO2.asm
                DISPLAY_4   0x00012a    program     static C:\Users\noelp\Documents\GitHub\Proyecto 2\Assembly\PRUEBAS.X\PRUEBAPROYECTO2.asm
                DISPLAY_5   0x00012f    program     static C:\Users\noelp\Documents\GitHub\Proyecto 2\Assembly\PRUEBAS.X\PRUEBAPROYECTO2.asm
              FIN_DISPLAY   0x000134    program     static C:\Users\noelp\Documents\GitHub\Proyecto 2\Assembly\PRUEBAS.X\PRUEBAPROYECTO2.asm
                    DELAY   0x000136    program     static C:\Users\noelp\Documents\GitHub\Proyecto 2\Assembly\PRUEBAS.X\PRUEBAPROYECTO2.asm
          _MAIN_PROG_00CA   0x000139    program     static C:\Users\noelp\Documents\GitHub\Proyecto 2\Assembly\PRUEBAS.X\PRUEBAPROYECTO2.asm
                CONFIG_IO   0x00013b    program     static C:\Users\noelp\Documents\GitHub\Proyecto 2\Assembly\PRUEBAS.X\PRUEBAPROYECTO2.asm
         CONFIG_INTERRUPT   0x000173    program     static C:\Users\noelp\Documents\GitHub\Proyecto 2\Assembly\PRUEBAS.X\PRUEBAPROYECTO2.asm
                      DEL   0x000020       data     static C:\Users\noelp\Documents\GitHub\Proyecto 2\Assembly\PRUEBAS.X\PRUEBAPROYECTO2.asm
                 NIBBLE_H   0x000021       data     static C:\Users\noelp\Documents\GitHub\Proyecto 2\Assembly\PRUEBAS.X\PRUEBAPROYECTO2.asm
                 NIBBLE_L   0x000022       data     static C:\Users\noelp\Documents\GitHub\Proyecto 2\Assembly\PRUEBAS.X\PRUEBAPROYECTO2.asm
                 BANDERAS   0x000023       data     static C:\Users\noelp\Documents\GitHub\Proyecto 2\Assembly\PRUEBAS.X\PRUEBAPROYECTO2.asm
              STATUS_TEMP   0x000024       data     static C:\Users\noelp\Documents\GitHub\Proyecto 2\Assembly\PRUEBAS.X\PRUEBAPROYECTO2.asm
                   W_TEMP   0x000025       data     static C:\Users\noelp\Documents\GitHub\Proyecto 2\Assembly\PRUEBAS.X\PRUEBAPROYECTO2.asm
                NIBBLE_L2   0x000026       data     static C:\Users\noelp\Documents\GitHub\Proyecto 2\Assembly\PRUEBAS.X\PRUEBAPROYECTO2.asm
                NIBBLE_H2   0x000027       data     static C:\Users\noelp\Documents\GitHub\Proyecto 2\Assembly\PRUEBAS.X\PRUEBAPROYECTO2.asm
                NIBBLE_L3   0x000028       data     static C:\Users\noelp\Documents\GitHub\Proyecto 2\Assembly\PRUEBAS.X\PRUEBAPROYECTO2.asm
                NIBBLE_H3   0x000029       data     static C:\Users\noelp\Documents\GitHub\Proyecto 2\Assembly\PRUEBAS.X\PRUEBAPROYECTO2.asm
             VAR_GENERAL1   0x00002a       data     static C:\Users\noelp\Documents\GitHub\Proyecto 2\Assembly\PRUEBAS.X\PRUEBAPROYECTO2.asm
             VAR_GENERAL2   0x00002b       data     static C:\Users\noelp\Documents\GitHub\Proyecto 2\Assembly\PRUEBAS.X\PRUEBAPROYECTO2.asm
             VAR_GENERAL3   0x00002c       data     static C:\Users\noelp\Documents\GitHub\Proyecto 2\Assembly\PRUEBAS.X\PRUEBAPROYECTO2.asm
                    CANAL   0x00002d       data     static C:\Users\noelp\Documents\GitHub\Proyecto 2\Assembly\PRUEBAS.X\PRUEBAPROYECTO2.asm
                    X_CEN   0x00002e       data     static C:\Users\noelp\Documents\GitHub\Proyecto 2\Assembly\PRUEBAS.X\PRUEBAPROYECTO2.asm
                    X_DEC   0x00002f       data     static C:\Users\noelp\Documents\GitHub\Proyecto 2\Assembly\PRUEBAS.X\PRUEBAPROYECTO2.asm
                    X_UNI   0x000030       data     static C:\Users\noelp\Documents\GitHub\Proyecto 2\Assembly\PRUEBAS.X\PRUEBAPROYECTO2.asm
                    Y_CEN   0x000031       data     static C:\Users\noelp\Documents\GitHub\Proyecto 2\Assembly\PRUEBAS.X\PRUEBAPROYECTO2.asm
                    Y_DEC   0x000032       data     static C:\Users\noelp\Documents\GitHub\Proyecto 2\Assembly\PRUEBAS.X\PRUEBAPROYECTO2.asm
                    Y_UNI   0x000033       data     static C:\Users\noelp\Documents\GitHub\Proyecto 2\Assembly\PRUEBAS.X\PRUEBAPROYECTO2.asm
                 CONTADOR   0x000034       data     static C:\Users\noelp\Documents\GitHub\Proyecto 2\Assembly\PRUEBAS.X\PRUEBAPROYECTO2.asm
                  ENTRADA   0x000035       data     static C:\Users\noelp\Documents\GitHub\Proyecto 2\Assembly\PRUEBAS.X\PRUEBAPROYECTO2.asm
                CONTADOR2   0x000036       data     static C:\Users\noelp\Documents\GitHub\Proyecto 2\Assembly\PRUEBAS.X\PRUEBAPROYECTO2.asm
                PIXEL_CEN   0x000037       data     static C:\Users\noelp\Documents\GitHub\Proyecto 2\Assembly\PRUEBAS.X\PRUEBAPROYECTO2.asm
                PIXEL_DEC   0x000038       data     static C:\Users\noelp\Documents\GitHub\Proyecto 2\Assembly\PRUEBAS.X\PRUEBAPROYECTO2.asm
                PIXEL_UNI   0x000039       data     static C:\Users\noelp\Documents\GitHub\Proyecto 2\Assembly\PRUEBAS.X\PRUEBAPROYECTO2.asm
                      PXH   0x00003a       data     static C:\Users\noelp\Documents\GitHub\Proyecto 2\Assembly\PRUEBAS.X\PRUEBAPROYECTO2.asm
                      PXM   0x00003b       data     static C:\Users\noelp\Documents\GitHub\Proyecto 2\Assembly\PRUEBAS.X\PRUEBAPROYECTO2.asm
                      PXL   0x00003c       data     static C:\Users\noelp\Documents\GitHub\Proyecto 2\Assembly\PRUEBAS.X\PRUEBAPROYECTO2.asm
                      PYH   0x00003d       data     static C:\Users\noelp\Documents\GitHub\Proyecto 2\Assembly\PRUEBAS.X\PRUEBAPROYECTO2.asm
                      PYM   0x00003e       data     static C:\Users\noelp\Documents\GitHub\Proyecto 2\Assembly\PRUEBAS.X\PRUEBAPROYECTO2.asm
                      PYL   0x00003f       data     static C:\Users\noelp\Documents\GitHub\Proyecto 2\Assembly\PRUEBAS.X\PRUEBAPROYECTO2.asm


